  Determining projects to restore...
C:\Users\Sujan college\Desktop\App dev\Mero-Dainiki\Mero-Dainiki.csproj : warning NU1603: Mero-Dainiki depends on Microsoft.EntityFrameworkCore (>= 9.0.0-preview.3.24172.2) but Microsoft.EntityFrameworkCore 9.0.0-preview.3.24172.2 was not found. Microsoft.EntityFrameworkCore 9.0.0-preview.3.24172.4 was resolved instead. [C:\Users\Sujan college\Desktop\App dev\Mero-Dainiki\Mero-Dainiki.sln]
C:\Users\Sujan college\Desktop\App dev\Mero-Dainiki\Mero-Dainiki.csproj : warning NU1603: Mero-Dainiki depends on Microsoft.EntityFrameworkCore.Design (>= 9.0.0-preview.3.24172.2) but Microsoft.EntityFrameworkCore.Design 9.0.0-preview.3.24172.2 was not found. Microsoft.EntityFrameworkCore.Design 9.0.0-preview.3.24172.4 was resolved instead. [C:\Users\Sujan college\Desktop\App dev\Mero-Dainiki\Mero-Dainiki.sln]
C:\Users\Sujan college\Desktop\App dev\Mero-Dainiki\Mero-Dainiki.csproj : warning NU1603: Mero-Dainiki depends on Microsoft.EntityFrameworkCore.Sqlite (>= 9.0.0-preview.3.24172.2) but Microsoft.EntityFrameworkCore.Sqlite 9.0.0-preview.3.24172.2 was not found. Microsoft.EntityFrameworkCore.Sqlite 9.0.0-preview.3.24172.4 was resolved instead. [C:\Users\Sujan college\Desktop\App dev\Mero-Dainiki\Mero-Dainiki.sln]
  All projects are up-to-date for restore.
C:\Users\Sujan college\Desktop\App dev\Mero-Dainiki\Mero-Dainiki.csproj : warning NU1603: Mero-Dainiki depends on Microsoft.EntityFrameworkCore (>= 9.0.0-preview.3.24172.2) but Microsoft.EntityFrameworkCore 9.0.0-preview.3.24172.2 was not found. Microsoft.EntityFrameworkCore 9.0.0-preview.3.24172.4 was resolved instead. [TargetFramework=net9.0-windows10.0.19041.0]
C:\Users\Sujan college\Desktop\App dev\Mero-Dainiki\Mero-Dainiki.csproj : warning NU1603: Mero-Dainiki depends on Microsoft.EntityFrameworkCore.Design (>= 9.0.0-preview.3.24172.2) but Microsoft.EntityFrameworkCore.Design 9.0.0-preview.3.24172.2 was not found. Microsoft.EntityFrameworkCore.Design 9.0.0-preview.3.24172.4 was resolved instead. [TargetFramework=net9.0-windows10.0.19041.0]
C:\Users\Sujan college\Desktop\App dev\Mero-Dainiki\Mero-Dainiki.csproj : warning NU1603: Mero-Dainiki depends on Microsoft.EntityFrameworkCore.Sqlite (>= 9.0.0-preview.3.24172.2) but Microsoft.EntityFrameworkCore.Sqlite 9.0.0-preview.3.24172.2 was not found. Microsoft.EntityFrameworkCore.Sqlite 9.0.0-preview.3.24172.4 was resolved instead. [TargetFramework=net9.0-windows10.0.19041.0]
C:\Users\Sujan college\Desktop\App dev\Mero-Dainiki\Services\ExportService.cs(173,48): error CS0104: 'IContainer' is an ambiguous reference between 'QuestPDF.Infrastructure.IContainer' and 'Microsoft.Maui.IContainer' [C:\Users\Sujan college\Desktop\App dev\Mero-Dainiki\Mero-Dainiki.csproj::TargetFramework=net9.0-windows10.0.19041.0]

Build FAILED.

C:\Users\Sujan college\Desktop\App dev\Mero-Dainiki\Mero-Dainiki.csproj : warning NU1603: Mero-Dainiki depends on Microsoft.EntityFrameworkCore (>= 9.0.0-preview.3.24172.2) but Microsoft.EntityFrameworkCore 9.0.0-preview.3.24172.2 was not found. Microsoft.EntityFrameworkCore 9.0.0-preview.3.24172.4 was resolved instead. [TargetFramework=net9.0-windows10.0.19041.0]
C:\Users\Sujan college\Desktop\App dev\Mero-Dainiki\Mero-Dainiki.csproj : warning NU1603: Mero-Dainiki depends on Microsoft.EntityFrameworkCore.Design (>= 9.0.0-preview.3.24172.2) but Microsoft.EntityFrameworkCore.Design 9.0.0-preview.3.24172.2 was not found. Microsoft.EntityFrameworkCore.Design 9.0.0-preview.3.24172.4 was resolved instead. [TargetFramework=net9.0-windows10.0.19041.0]
C:\Users\Sujan college\Desktop\App dev\Mero-Dainiki\Mero-Dainiki.csproj : warning NU1603: Mero-Dainiki depends on Microsoft.EntityFrameworkCore.Sqlite (>= 9.0.0-preview.3.24172.2) but Microsoft.EntityFrameworkCore.Sqlite 9.0.0-preview.3.24172.2 was not found. Microsoft.EntityFrameworkCore.Sqlite 9.0.0-preview.3.24172.4 was resolved instead. [TargetFramework=net9.0-windows10.0.19041.0]
C:\Users\Sujan college\Desktop\App dev\Mero-Dainiki\Services\ExportService.cs(173,48): error CS0104: 'IContainer' is an ambiguous reference between 'QuestPDF.Infrastructure.IContainer' and 'Microsoft.Maui.IContainer' [C:\Users\Sujan college\Desktop\App dev\Mero-Dainiki\Mero-Dainiki.csproj::TargetFramework=net9.0-windows10.0.19041.0]
    3 Warning(s)
    1 Error(s)

Time Elapsed 00:00:09.21

Workload updates are available. Run `dotnet workload list` for more information.
